// Jest Snapshot v1, https://goo.gl/fbAQLP

exports[`CardLabel tests default renders successfully 1`] = `
<div>
  <div
    class="MuiTypography-root MuiTypography-body1 data-table-label css-ahj2mt-MuiTypography-root"
    id="title"
  >
    test
  </div>
</div>
`;
