// Jest Snapshot v1, https://goo.gl/fbAQLP

exports[`Link Tab Component component should successfully render 1`] = `ReactWrapper {}`;
