// Jest Snapshot v1, https://goo.gl/fbAQLP

exports[`NavBar Component component should successfully render 1`] = `ReactWrapper {}`;
