// Jest Snapshot v1, https://goo.gl/fbAQLP

exports[`MultiSelectComponent tests default renders successfully 1`] = `
<div>
  <div
    class="MuiPaper-root MuiPaper-outlined MuiPaper-rounded data-table-paper css-172kgz0-MuiPaper-root"
  >
    <div
      class="MuiTableContainer-root css-rorn0c-MuiTableContainer-root"
    >
      <table
        class="MuiTable-root css-rqglhn-MuiTable-root"
      >
        <thead
          class="MuiTableHead-root css-15wwp11-MuiTableHead-root"
        >
          <tr
            class="MuiTableRow-root MuiTableRow-head css-1q1u3t4-MuiTableRow-root"
          >
            <th
              class="MuiTableCell-root MuiTableCell-head MuiTableCell-sizeMedium css-ur18s6-MuiTableCell-root"
              scope="col"
            >
              test
            </th>
          </tr>
        </thead>
        <tbody
          class="MuiTableBody-root css-apqrd9-MuiTableBody-root"
        >
          <tr
            class="MuiTableRow-root data-table-row css-11toj2m-MuiTableRow-root"
          >
            <td
              class="MuiTableCell-root MuiTableCell-body MuiTableCell-sizeMedium css-1basyhb-MuiTableCell-root"
            />
          </tr>
        </tbody>
      </table>
    </div>
  </div>
</div>
`;
